createvfs_SUCCESS
mountvfs_SUCCESS
mountvfs_FAILURE VFS_ALREADY_MOUNTED
unmountvfs_FAILURE DATA_FILE_NOT_FOUND
unmountvfs_SUCCESS
mountvfs_SUCCESS
deletedir_FAILURE CANNOT_FIND_SPECIFIED_DIR
makedir_SUCCESS
makedir_FAILURE INVALID_CHARACTER_IN_DIRNAME
movedir_FAILURE CANNOT_FIND_SPECIFIED_DESTINATIONDIR
makedir_SUCCESS
listdir_SUCCESS
addfile_SUCCESS
unmountvfs_SUCCESS
mountvfs_SUCCESS
listfile_FAILURE VFS_INSUFFICIENT_ARGUMENTS
movefile_SUCCESS
exportfile_SUCCESS
unmountvfs_SUCCESS
