mountvfs_FAILURE <DATA_FILE_NOT_FOUND> 
createvfs_FAILURE <VFS_INSUFFICIENT_ARGUMENTS> 
createvfs_FAILURE <INVALID_SIZE> 
createvfs_SUCCESS
mountvfs_FAILURE <DATA_FILE_NOT_FOUND> 
mountvfs_FAILURE  <VFS_INSUFFICIENT_ARGUMENTS>
mountvfs_SUCCESS
unmountvfs_FAILURE <VFS_INSUFFICIENT_ARGUMENTS>
unmountvfs_FAILURE <ACCESS_DENIED>
unmountvfs_SUCCESS
makedir_FAILURE <VFS_NOT_MOUNTED>
mountvfs_SUCCESS
makedir_FAILURE <VFS_INSUFFICIENT_ARGUMENTS>
makedir_FAILURE <PATH_NOT_FOUND>
makedir_SUCCESS
unmountvfs_SUCCESS
mountvfs_SUCCESS
movedir_FAILURE <CAN'T_MOVE_PARENT_TO_CHILD_DIRIECTORY>
movedir_FAILURE <CAN'T_MOVE_PARENT_TO_CHILD_DIRIECTORY>
deletedir_FAILURE <VFS_INSUFFICIENT_ARGUMENTS>
deletedir_FAILURE <DIRECTORY_IS_NOT_EMPTY>
deletedir_FAILURE <CANNOT_FIND_SPECIFIED_PATH_OR_DIR>
deletedir_SUCCESS
unmountvfs_SUCCESS
